------------------------------------------------------------
Timing Analyzer Summary
------------------------------------------------------------

Type  : Slow 1200mV 85C Model Setup 'Clk'
Slack : -7.438
TNS   : -234.789

Type  : Slow 1200mV 85C Model Hold 'Clk'
Slack : 0.322
TNS   : 0.000

Type  : Slow 1200mV 85C Model Recovery 'Clk'
Slack : -1.004
TNS   : -15.920

Type  : Slow 1200mV 85C Model Removal 'Clk'
Slack : 0.865
TNS   : 0.000

Type  : Slow 1200mV 85C Model Minimum Pulse Width 'Clk'
Slack : -3.000
TNS   : -180.383

Type  : Slow 1200mV 0C Model Setup 'Clk'
Slack : -6.768
TNS   : -206.969

Type  : Slow 1200mV 0C Model Hold 'Clk'
Slack : 0.289
TNS   : 0.000

Type  : Slow 1200mV 0C Model Recovery 'Clk'
Slack : -0.848
TNS   : -13.346

Type  : Slow 1200mV 0C Model Removal 'Clk'
Slack : 0.792
TNS   : 0.000

Type  : Slow 1200mV 0C Model Minimum Pulse Width 'Clk'
Slack : -3.000
TNS   : -178.247

Type  : Fast 1200mV 0C Model Setup 'Clk'
Slack : -2.550
TNS   : -46.173

Type  : Fast 1200mV 0C Model Hold 'Clk'
Slack : 0.140
TNS   : 0.000

Type  : Fast 1200mV 0C Model Recovery 'Clk'
Slack : 0.136
TNS   : 0.000

Type  : Fast 1200mV 0C Model Removal 'Clk'
Slack : 0.383
TNS   : 0.000

Type  : Fast 1200mV 0C Model Minimum Pulse Width 'Clk'
Slack : -3.000
TNS   : -116.920

------------------------------------------------------------
